MCLBLE CONNECTED
MCLBLE FRAME n=25 cls=0 src=C0FFEE02 seq=1 kind=0 ACCEPT
MCLBLE FRAME n=29 cls=3 src=C0FFEE02 seq=2 kind=1 ACCEPT
MCLBLE FRAME n=8 cls=6 src=C0FFEE02 seq=0 ACCEPT nosem
MCLBLE FRAG n=7 REJECT reasm=5
MCLBLE FRAG n=7 REJECT reasm=5
MCLBLE FRAG n=20 REJECT reasm=5
MCLBLE FRAG n=7 REJECT reasm=5
MCLBLE FRAME n=25 REJECT link
MCLBLE FRAME n=25 cls=0 src=C0FFEE02 seq=50 kind=0 ACCEPT
MCLBLE FRAME n=25 cls=0 src=C0FFEE02 seq=100 kind=0 ACCEPT
MCLBLE FRAME n=25 cls=0 src=C0FFEE02 seq=101 kind=0 ACCEPT
MCLBLE FRAME n=25 cls=0 src=C0FFEE02 seq=102 kind=0 ACCEPT
MCLBLE FRAME n=25 cls=0 src=C0FFEE02 seq=103 kind=0 ACCEPT
MCLBLE FRAME n=25 cls=0 src=C0FFEE02 seq=104 kind=0 ACCEPT
MCLBLE FRAME n=25 cls=0 src=C0FFEE02 seq=105 kind=0 ACCEPT
MCLBLE FRAME n=25 cls=0 src=C0FFEE02 seq=106 kind=0 ACCEPT
MCLBLE FRAME n=25 cls=0 src=C0FFEE02 seq=107 kind=0 ACCEPT
MCLBLE FRAME n=25 cls=0 src=C0FFEE02 seq=108 kind=0 ACCEPT
MCLBLE FRAME n=25 cls=0 src=C0FFEE02 seq=109 kind=0 ACCEPT
MCLBLE FRAME n=25 cls=0 src=C0FFEE02 seq=110 kind=0 ACCEPT
MCLBLE FRAME n=25 cls=0 src=C0FFEE02 seq=111 kind=0 ACCEPT
MCLBLE FRAME n=25 cls=0 src=C0FFEE02 seq=112 kind=0 ACCEPT
MCLBLE FRAME n=25 cls=0 src=C0FFEE02 seq=113 kind=0 ACCEPT
MCLBLE FRAME n=25 cls=0 src=C0FFEE02 seq=114 kind=0 ACCEPT
MCLBLE FRAME n=25 cls=0 src=C0FFEE02 seq=115 kind=0 ACCEPT
MCLBLE FRAME n=25 cls=0 src=C0FFEE02 seq=116 kind=0 ACCEPT
MCLBLE FRAME n=25 cls=0 src=C0FFEE02 seq=117 kind=0 ACCEPT
MCLBLE FRAME n=25 cls=0 src=C0FFEE02 seq=118 kind=0 ACCEPT
MCLBLE FRAME n=25 cls=0 src=C0FFEE02 seq=119 kind=0 ACCEPT
MCLBLE DISCONNECTED

MCLBLE STATUS conn=0 fragrx=54 ok=24 rej=1 reasmerr=4 fragtx=49 logdrop=0

